<html>
<body>
<pre>
<h1>µVision Build Log</h1>
<h2>Tool Versions:</h2>
IDE-Version: ¦ÌVision V5.20.0.0
Copyright (C) 2016 ARM Ltd and ARM Germany GmbH. All rights reserved.
License Information: 123 Microsoft, Microsoft, LIC=UB48T-RJD4H-WJY6K-Z46GM-2YWSW-39V22
 
Tool Versions:
Toolchain:       MDK-ARM Professional  Version: 5.20
Toolchain Path:  D:\keil\ARM\ARMCC\Bin
C Compiler:      Armcc.exe V5.06 update 2 (build 183)
Assembler:       Armasm.exe V5.06 update 2 (build 183)
Linker/Locator:  ArmLink.exe V5.06 update 2 (build 183)
Library Manager: ArmAr.exe V5.06 update 2 (build 183)
Hex Converter:   FromElf.exe V5.06 update 2 (build 183)
CPU DLL:         SARMCM3.DLL V5.20
Dialog DLL:      DCM.DLL V1.13.7.0
Target DLL:      Segger\JL2CM3.dll V2.99.20.0
Dialog DLL:      TCM.DLL V1.14.9.0
 
<h2>Project:</h2>
E:\project\1003\Contiki - keil 1810021158\MDK-ARM\Contiki - keil.uvprojx
Project File Date:  10/02/2018

<h2>Output:</h2>
*** Using Compiler 'V5.06 update 2 (build 183)', folder: 'D:\keil\ARM\ARMCC\Bin'
Build target 'Contiki - keil'
compiling autostart.c...
compiling etimer.c...
compiling process.c...
compiling procinit.c...
compiling main.c...
compiling clock.c...
compiling timer.c...
linking...
Program Size: Code=3932 RO-data=392 RW-data=112 ZI-data=1440  
FromELF: creating hex file...
After Build - User command #1: D:\keil\ARM\ARMCC\bin\fromelf.exe --bin -o  ../Output/ContikiLedTest.bin "Contiki - keil\Contiki - keil.axf"
"Contiki - keil\Contiki - keil.axf" - 0 Error(s), 0 Warning(s).

<h2>Software Packages used:</h2>

Package Vendor: ARM
                http://www.keil.com/pack/ARM.CMSIS.4.5.0.pack
                ARM::CMSIS:CORE:4.3.0
                CMSIS (Cortex Microcontroller Software Interface Standard)
   * Component: CORE Version: 4.3.0

<h2>Collection of Component include folders:</h2>
  E:\project\1003\Contiki - keil 1810021158\MDK-ARM\RTE
  D:\keil\ARM\PACK\ARM\CMSIS\4.5.0\CMSIS\Include
  D:\keil\ARM\PACK\Keil\STM32F1xx_DFP\1.0.5\Device\Include

<h2>Collection of Component Files used:</h2>

   * Component: ARM::CMSIS:CORE:4.3.0
Build Time Elapsed:  00:00:02
</pre>
</body>
</html>
